// Jest Snapshot v1, https://goo.gl/fbAQLP

exports[`Query.chat should fetch messages 1`] = `
Object {
  "chat": Object {
    "id": "1",
    "messages": Array [
      Object {
        "content": "Hi there",
        "date": "2019-09-13T06:30:00.000Z",
        "id": "1",
      },
    ],
  },
}
`;

exports[`Query.chat should throw for non-existing chat 1`] = `
Array [
  [GraphQLError: No chat with id 4],
]
`;

exports[`Query.chats should fetch all chats 1`] = `
Object {
  "chats": Array [
    Object {
      "id": "1",
      "lastMessage": Object {
        "content": "Hi there",
        "date": "2019-09-13T06:30:00.000Z",
      },
      "user": Object {
        "image": "https://randomuser.me/api/portraits/thumb/women/58.jpg",
        "name": "Alice",
      },
    },
    Object {
      "id": "2",
      "lastMessage": Object {
        "content": "Be right back",
        "date": "2019-09-12T21:15:00.000Z",
      },
      "user": Object {
        "image": "https://randomuser.me/api/portraits/thumb/men/58.jpg",
        "name": "Bob",
      },
    },
    Object {
      "id": "3",
      "lastMessage": Object {
        "content": "Let's get this done",
        "date": "2019-09-11T13:30:00.000Z",
      },
      "user": Object {
        "image": "https://randomuser.me/api/portraits/thumb/men/42.jpg",
        "name": "Carl",
      },
    },
  ],
}
`;
